\BOOKMARK [1][-]{section.1}{購買連結}{}% 1
\BOOKMARK [2][-]{subsection.1.1}{第一期}{section.1}% 2
\BOOKMARK [2][-]{subsection.1.2}{第二期 }{section.1}% 3
\BOOKMARK [2][-]{subsection.1.3}{第三期 }{section.1}% 4
\BOOKMARK [2][-]{subsection.1.4}{第四期 }{section.1}% 5
\BOOKMARK [2][-]{subsection.1.5}{第五期 }{section.1}% 6
\BOOKMARK [1][-]{section.2}{簡介}{}% 7
\BOOKMARK [1][-]{section.3}{第一期 3　　同人于東方之野}{}% 8
